  CREATE_STREAM @0 {NAME:burst_seq T:Transactions SCOPE:uvm_test_top.env.ahb_agt.sequencer STREAM:1025}
  CREATE_STREAM @1220000 {NAME:rx_seq T:Transactions SCOPE:uvm_test_top.env.phy_agt.sequencer STREAM:2230}
  CREATE_STREAM @0 {NAME:burst_seq T:Transactions SCOPE:uvm_test_top.env.ahb_agt.sequencer STREAM:1025}
  CREATE_STREAM @10200000 {NAME:rx_seq T:Transactions SCOPE:uvm_test_top.env.phy_agt.sequencer STREAM:7396}
  CREATE_STREAM @0 {NAME:burst_seq T:Transactions SCOPE:uvm_test_top.env.ahb_agt.sequencer STREAM:1025}
  CREATE_STREAM @1220000 {NAME:rx_seq T:Transactions SCOPE:uvm_test_top.env.phy_agt.sequencer STREAM:3338}
  CREATE_STREAM @0 {NAME:burst_seq T:Transactions SCOPE:uvm_test_top.env.ahb_agt.sequencer STREAM:1025}
  CREATE_STREAM @10200000 {NAME:rx_seq T:Transactions SCOPE:uvm_test_top.env.phy_agt.sequencer STREAM:2944}
  CREATE_STREAM @0 {NAME:burst_seq T:Transactions SCOPE:uvm_test_top.env.ahb_agt.sequencer STREAM:1025}
  CREATE_STREAM @1220000 {NAME:rx_seq T:Transactions SCOPE:uvm_test_top.env.phy_agt.sequencer STREAM:3338}
  CREATE_STREAM @0 {NAME:burst_seq T:Transactions SCOPE:uvm_test_top.env.ahb_agt.sequencer STREAM:1025}
  CREATE_STREAM @10200000 {NAME:rx_seq T:Transactions SCOPE:uvm_test_top.env.phy_agt.sequencer STREAM:11764}
  CREATE_STREAM @0 {NAME:burst_seq T:Transactions SCOPE:uvm_test_top.env.ahb_agt.sequencer STREAM:1025}
  CREATE_STREAM @1220000 {NAME:rx_seq T:Transactions SCOPE:uvm_test_top.env.phy_agt.sequencer STREAM:3338}
  CREATE_STREAM @0 {NAME:burst_seq T:Transactions SCOPE:uvm_test_top.env.ahb_agt.sequencer STREAM:1025}
  CREATE_STREAM @10200000 {NAME:rx_seq T:Transactions SCOPE:uvm_test_top.env.phy_agt.sequencer STREAM:12856}
  CREATE_STREAM @0 {NAME:burst_seq T:Transactions SCOPE:uvm_test_top.env.ahb_agt.sequencer STREAM:1025}
  CREATE_STREAM @35261000 {NAME:pause_seq T:Transactions SCOPE:uvm_test_top.env.phy_agt.sequencer STREAM:6870}
  CREATE_STREAM @0 {NAME:burst_seq T:Transactions SCOPE:uvm_test_top.env.ahb_agt.sequencer STREAM:1025}
  CREATE_STREAM @750201000 {NAME:pause_seq T:Transactions SCOPE:uvm_test_top.env.phy_agt.sequencer STREAM:14934}
  CREATE_STREAM @0 {NAME:burst_seq T:Transactions SCOPE:uvm_test_top.env.ahb_agt.sequencer STREAM:1025}
  CREATE_STREAM @1220000 {NAME:rx_seq_0 T:Transactions SCOPE:uvm_test_top.env.phy_agt.sequencer STREAM:1302}
  CREATE_STREAM @8020000 {NAME:rx_seq_1 T:Transactions SCOPE:uvm_test_top.env.phy_agt.sequencer STREAM:1338}
  CREATE_STREAM @0 {NAME:burst_seq T:Transactions SCOPE:uvm_test_top.env.ahb_agt.sequencer STREAM:1025}
  CREATE_STREAM @10200000 {NAME:rx_seq_0 T:Transactions SCOPE:uvm_test_top.env.phy_agt.sequencer STREAM:1302}
  CREATE_STREAM @78200000 {NAME:rx_seq_1 T:Transactions SCOPE:uvm_test_top.env.phy_agt.sequencer STREAM:1338}
  CREATE_STREAM @0 {NAME:burst_seq T:Transactions SCOPE:uvm_test_top.env.ahb_agt.sequencer STREAM:1025}
  CREATE_STREAM @0 {NAME:burst_seq T:Transactions SCOPE:uvm_test_top.env.ahb_agt.sequencer STREAM:1025}
  CREATE_STREAM @0 {NAME:burst_seq T:Transactions SCOPE:uvm_test_top.env.ahb_agt.sequencer STREAM:1025}
  CREATE_STREAM @0 {NAME:burst_seq T:Transactions SCOPE:uvm_test_top.env.ahb_agt.sequencer STREAM:1025}
  CREATE_STREAM @0 {NAME:burst_seq T:Transactions SCOPE:uvm_test_top.env.ahb_agt.sequencer STREAM:1025}
  CREATE_STREAM @1180000 {NAME:rx_avail_seq T:Transactions SCOPE:uvm_test_top.env.phy_agt.sequencer STREAM:1234}
  CREATE_STREAM @0 {NAME:burst_seq T:Transactions SCOPE:uvm_test_top.env.ahb_agt.sequencer STREAM:1025}
  CREATE_STREAM @10200000 {NAME:rx_avail_seq T:Transactions SCOPE:uvm_test_top.env.phy_agt.sequencer STREAM:1234}
  CREATE_STREAM @0 {NAME:burst_seq T:Transactions SCOPE:uvm_test_top.env.ahb_agt.sequencer STREAM:1025}
  CREATE_STREAM @1180000 {NAME:rx_busy_seq_0 T:Transactions SCOPE:uvm_test_top.env.phy_agt.sequencer STREAM:1234}
  CREATE_STREAM @7980000 {NAME:rx_busy_seq_1 T:Transactions SCOPE:uvm_test_top.env.phy_agt.sequencer STREAM:1270}
  CREATE_STREAM @14780000 {NAME:rx_busy_seq_2 T:Transactions SCOPE:uvm_test_top.env.phy_agt.sequencer STREAM:1304}
  CREATE_STREAM @0 {NAME:burst_seq T:Transactions SCOPE:uvm_test_top.env.ahb_agt.sequencer STREAM:1025}
  CREATE_STREAM @10200000 {NAME:rx_busy_seq_0 T:Transactions SCOPE:uvm_test_top.env.phy_agt.sequencer STREAM:1234}
  CREATE_STREAM @78200000 {NAME:rx_busy_seq_1 T:Transactions SCOPE:uvm_test_top.env.phy_agt.sequencer STREAM:1270}
  CREATE_STREAM @146200000 {NAME:rx_busy_seq_2 T:Transactions SCOPE:uvm_test_top.env.phy_agt.sequencer STREAM:1304}
  CREATE_STREAM @0 {NAME:burst_seq T:Transactions SCOPE:uvm_test_top.env.ahb_agt.sequencer STREAM:1025}
  CREATE_STREAM @1180000 {NAME:bad_fcs_seq T:Transactions SCOPE:uvm_test_top.env.phy_agt.sequencer STREAM:1234}
  CREATE_STREAM @0 {NAME:burst_seq T:Transactions SCOPE:uvm_test_top.env.ahb_agt.sequencer STREAM:1025}
  CREATE_STREAM @10200000 {NAME:bad_fcs_seq T:Transactions SCOPE:uvm_test_top.env.phy_agt.sequencer STREAM:1234}
  CREATE_STREAM @0 {NAME:burst_seq T:Transactions SCOPE:uvm_test_top.env.ahb_agt.sequencer STREAM:1025}
  CREATE_STREAM @1180000 {NAME:rx_pause_seen_seq T:Transactions SCOPE:uvm_test_top.env.phy_agt.sequencer STREAM:1234}
  CREATE_STREAM @0 {NAME:burst_seq T:Transactions SCOPE:uvm_test_top.env.ahb_agt.sequencer STREAM:1025}
  CREATE_STREAM @10200000 {NAME:rx_pause_seen_seq T:Transactions SCOPE:uvm_test_top.env.phy_agt.sequencer STREAM:1234}
  CREATE_STREAM @0 {NAME:burst_seq T:Transactions SCOPE:uvm_test_top.env.ahb_agt.sequencer STREAM:1025}
  CREATE_STREAM @1220000 {NAME:rx_seq T:Transactions SCOPE:uvm_test_top.env.phy_agt.sequencer STREAM:3338}
  CREATE_STREAM @0 {NAME:burst_seq T:Transactions SCOPE:uvm_test_top.env.ahb_agt.sequencer STREAM:1025}
  CREATE_STREAM @10200000 {NAME:rx_seq T:Transactions SCOPE:uvm_test_top.env.phy_agt.sequencer STREAM:14242}
  CREATE_STREAM @0 {NAME:burst_seq T:Transactions SCOPE:uvm_test_top.env.ahb_agt.sequencer STREAM:1025}
  CREATE_STREAM @1220000 {NAME:rx_seq T:Transactions SCOPE:uvm_test_top.env.phy_agt.sequencer STREAM:3338}
  CREATE_STREAM @0 {NAME:burst_seq T:Transactions SCOPE:uvm_test_top.env.ahb_agt.sequencer STREAM:1025}
  CREATE_STREAM @10200000 {NAME:rx_seq T:Transactions SCOPE:uvm_test_top.env.phy_agt.sequencer STREAM:10378}
  CREATE_STREAM @0 {NAME:burst_seq T:Transactions SCOPE:uvm_test_top.env.ahb_agt.sequencer STREAM:1025}
  CREATE_STREAM @1220000 {NAME:rx_seq T:Transactions SCOPE:uvm_test_top.env.phy_agt.sequencer STREAM:3338}
  CREATE_STREAM @0 {NAME:burst_seq T:Transactions SCOPE:uvm_test_top.env.ahb_agt.sequencer STREAM:1025}
  CREATE_STREAM @10200000 {NAME:rx_seq T:Transactions SCOPE:uvm_test_top.env.phy_agt.sequencer STREAM:16846}
  CREATE_STREAM @0 {NAME:burst_seq T:Transactions SCOPE:uvm_test_top.env.ahb_agt.sequencer STREAM:1025}
  CREATE_STREAM @1220000 {NAME:rx_seq T:Transactions SCOPE:uvm_test_top.env.phy_agt.sequencer STREAM:3338}
  CREATE_STREAM @0 {NAME:burst_seq T:Transactions SCOPE:uvm_test_top.env.ahb_agt.sequencer STREAM:1025}
  CREATE_STREAM @10200000 {NAME:rx_seq T:Transactions SCOPE:uvm_test_top.env.phy_agt.sequencer STREAM:8992}
  CREATE_STREAM @0 {NAME:burst_seq T:Transactions SCOPE:uvm_test_top.env.ahb_agt.sequencer STREAM:1025}
  CREATE_STREAM @31501000 {NAME:pause_seq T:Transactions SCOPE:uvm_test_top.env.phy_agt.sequencer STREAM:6114}
  CREATE_STREAM @0 {NAME:burst_seq T:Transactions SCOPE:uvm_test_top.env.ahb_agt.sequencer STREAM:1025}
  CREATE_STREAM @1597801000 {NAME:pause_seq T:Transactions SCOPE:uvm_test_top.env.phy_agt.sequencer STREAM:31566}
  CREATE_STREAM @0 {NAME:burst_seq T:Transactions SCOPE:uvm_test_top.env.ahb_agt.sequencer STREAM:1025}
  CREATE_STREAM @1220000 {NAME:rx_seq_0 T:Transactions SCOPE:uvm_test_top.env.phy_agt.sequencer STREAM:1302}
  CREATE_STREAM @8020000 {NAME:rx_seq_1 T:Transactions SCOPE:uvm_test_top.env.phy_agt.sequencer STREAM:1338}
  CREATE_STREAM @0 {NAME:burst_seq T:Transactions SCOPE:uvm_test_top.env.ahb_agt.sequencer STREAM:1025}
  CREATE_STREAM @10200000 {NAME:rx_seq_0 T:Transactions SCOPE:uvm_test_top.env.phy_agt.sequencer STREAM:1302}
  CREATE_STREAM @78200000 {NAME:rx_seq_1 T:Transactions SCOPE:uvm_test_top.env.phy_agt.sequencer STREAM:1338}
  CREATE_STREAM @0 {NAME:burst_seq T:Transactions SCOPE:uvm_test_top.env.ahb_agt.sequencer STREAM:1025}
  CREATE_STREAM @0 {NAME:burst_seq T:Transactions SCOPE:uvm_test_top.env.ahb_agt.sequencer STREAM:1025}
  CREATE_STREAM @0 {NAME:burst_seq T:Transactions SCOPE:uvm_test_top.env.ahb_agt.sequencer STREAM:1025}
  CREATE_STREAM @0 {NAME:burst_seq T:Transactions SCOPE:uvm_test_top.env.ahb_agt.sequencer STREAM:1025}
  CREATE_STREAM @0 {NAME:burst_seq T:Transactions SCOPE:uvm_test_top.env.ahb_agt.sequencer STREAM:1025}
  CREATE_STREAM @1180000 {NAME:rx_avail_seq T:Transactions SCOPE:uvm_test_top.env.phy_agt.sequencer STREAM:1234}
  CREATE_STREAM @0 {NAME:burst_seq T:Transactions SCOPE:uvm_test_top.env.ahb_agt.sequencer STREAM:1025}
  CREATE_STREAM @10200000 {NAME:rx_avail_seq T:Transactions SCOPE:uvm_test_top.env.phy_agt.sequencer STREAM:1234}
  CREATE_STREAM @0 {NAME:burst_seq T:Transactions SCOPE:uvm_test_top.env.ahb_agt.sequencer STREAM:1025}
  CREATE_STREAM @1180000 {NAME:rx_busy_seq_0 T:Transactions SCOPE:uvm_test_top.env.phy_agt.sequencer STREAM:1234}
  CREATE_STREAM @7980000 {NAME:rx_busy_seq_1 T:Transactions SCOPE:uvm_test_top.env.phy_agt.sequencer STREAM:1270}
  CREATE_STREAM @14780000 {NAME:rx_busy_seq_2 T:Transactions SCOPE:uvm_test_top.env.phy_agt.sequencer STREAM:1304}
  CREATE_STREAM @0 {NAME:burst_seq T:Transactions SCOPE:uvm_test_top.env.ahb_agt.sequencer STREAM:1025}
  CREATE_STREAM @10200000 {NAME:rx_busy_seq_0 T:Transactions SCOPE:uvm_test_top.env.phy_agt.sequencer STREAM:1234}
  CREATE_STREAM @78200000 {NAME:rx_busy_seq_1 T:Transactions SCOPE:uvm_test_top.env.phy_agt.sequencer STREAM:1270}
  CREATE_STREAM @146200000 {NAME:rx_busy_seq_2 T:Transactions SCOPE:uvm_test_top.env.phy_agt.sequencer STREAM:1304}
  CREATE_STREAM @0 {NAME:burst_seq T:Transactions SCOPE:uvm_test_top.env.ahb_agt.sequencer STREAM:1025}
  CREATE_STREAM @1180000 {NAME:bad_fcs_seq T:Transactions SCOPE:uvm_test_top.env.phy_agt.sequencer STREAM:1234}
  CREATE_STREAM @0 {NAME:burst_seq T:Transactions SCOPE:uvm_test_top.env.ahb_agt.sequencer STREAM:1025}
  CREATE_STREAM @10200000 {NAME:bad_fcs_seq T:Transactions SCOPE:uvm_test_top.env.phy_agt.sequencer STREAM:1234}
  CREATE_STREAM @0 {NAME:burst_seq T:Transactions SCOPE:uvm_test_top.env.ahb_agt.sequencer STREAM:1025}
  CREATE_STREAM @1180000 {NAME:rx_pause_seen_seq T:Transactions SCOPE:uvm_test_top.env.phy_agt.sequencer STREAM:1234}
  CREATE_STREAM @0 {NAME:burst_seq T:Transactions SCOPE:uvm_test_top.env.ahb_agt.sequencer STREAM:1025}
  CREATE_STREAM @10200000 {NAME:rx_pause_seen_seq T:Transactions SCOPE:uvm_test_top.env.phy_agt.sequencer STREAM:1234}
